---
http_interactions:
- request:
    method: post
    uri: https://app.datadoghq.com/api/v1/series?api_key=<API_KEY>
    body:
      encoding: UTF-8
      string: '{"series":[{"metric":"chef.run.success","points":[[1468585607,1.0]],"type":"counter","host":"chef.handler.datadog.test-tags","device":null}]}'
    headers:
      Accept-Encoding:
      - gzip;q=1.0,deflate;q=0.6,identity;q=0.3
      Accept:
      - "*/*"
      User-Agent:
      - Ruby
      Content-Type:
      - application/json
  response:
    status:
      code: 202
      message: Accepted
    headers:
      Content-Type:
      - text/json
      Date:
      - Fri, 15 Jul 2016 12:26:42 GMT
      Dd-Pool:
      - propjoe
      Strict-Transport-Security:
      - max-age=15724800;
      X-Content-Type-Options:
      - nosniff
      Content-Length:
      - '16'
      Connection:
      - keep-alive
    body:
      encoding: UTF-8
      string: '{"status": "ok"}'
    http_version: 
  recorded_at: Fri, 15 Jul 2016 12:26:47 GMT
- request:
    method: post
    uri: https://app.datadoghq.com/api/v1/series?api_key=<API_KEY>
    body:
      encoding: UTF-8
      string: '{"series":[{"metric":"chef.resources.total","points":[[1468585607,0.0]],"type":"gauge","host":"chef.handler.datadog.test-tags","device":null}]}'
    headers:
      Accept-Encoding:
      - gzip;q=1.0,deflate;q=0.6,identity;q=0.3
      Accept:
      - "*/*"
      User-Agent:
      - Ruby
      Content-Type:
      - application/json
  response:
    status:
      code: 202
      message: Accepted
    headers:
      Content-Type:
      - text/json
      Date:
      - Fri, 15 Jul 2016 12:26:42 GMT
      Dd-Pool:
      - propjoe
      Strict-Transport-Security:
      - max-age=15724800;
      X-Content-Type-Options:
      - nosniff
      Content-Length:
      - '16'
      Connection:
      - keep-alive
    body:
      encoding: UTF-8
      string: '{"status": "ok"}'
    http_version: 
  recorded_at: Fri, 15 Jul 2016 12:26:47 GMT
- request:
    method: post
    uri: https://app.datadoghq.com/api/v1/series?api_key=<API_KEY>
    body:
      encoding: UTF-8
      string: '{"series":[{"metric":"chef.resources.updated","points":[[1468585607,0.0]],"type":"gauge","host":"chef.handler.datadog.test-tags","device":null}]}'
    headers:
      Accept-Encoding:
      - gzip;q=1.0,deflate;q=0.6,identity;q=0.3
      Accept:
      - "*/*"
      User-Agent:
      - Ruby
      Content-Type:
      - application/json
  response:
    status:
      code: 202
      message: Accepted
    headers:
      Content-Type:
      - text/json
      Date:
      - Fri, 15 Jul 2016 12:26:43 GMT
      Dd-Pool:
      - propjoe
      Strict-Transport-Security:
      - max-age=15724800;
      X-Content-Type-Options:
      - nosniff
      Content-Length:
      - '16'
      Connection:
      - keep-alive
    body:
      encoding: UTF-8
      string: '{"status": "ok"}'
    http_version: 
  recorded_at: Fri, 15 Jul 2016 12:26:47 GMT
- request:
    method: post
    uri: https://app.datadoghq.com/api/v1/series?api_key=<API_KEY>
    body:
      encoding: UTF-8
      string: '{"series":[{"metric":"chef.resources.elapsed_time","points":[[1468585607,5.0]],"type":"gauge","host":"chef.handler.datadog.test-tags","device":null}]}'
    headers:
      Accept-Encoding:
      - gzip;q=1.0,deflate;q=0.6,identity;q=0.3
      Accept:
      - "*/*"
      User-Agent:
      - Ruby
      Content-Type:
      - application/json
  response:
    status:
      code: 202
      message: Accepted
    headers:
      Content-Type:
      - text/json
      Date:
      - Fri, 15 Jul 2016 12:26:43 GMT
      Dd-Pool:
      - propjoe
      Strict-Transport-Security:
      - max-age=15724800;
      X-Content-Type-Options:
      - nosniff
      Content-Length:
      - '16'
      Connection:
      - keep-alive
    body:
      encoding: UTF-8
      string: '{"status": "ok"}'
    http_version: 
  recorded_at: Fri, 15 Jul 2016 12:26:47 GMT
- request:
    method: post
    uri: https://app.datadoghq.com/api/v1/events?api_key=<API_KEY>
    body:
      encoding: UTF-8
      string: '{"msg_text":"Chef updated 0 resources out of 0 resources total.","date_happened":1468585607,"msg_title":"Chef
        completed in 5 seconds on chef.handler.datadog.test-tags ","priority":"low","parent":null,"tags":["env:hostile","role:highlander"],"aggregation_key":"chef.handler.datadog.test-tags","alert_type":"success","event_type":"config_management.run","source_type_name":"chef","title":"Chef
        completed in 5 seconds on chef.handler.datadog.test-tags ","text":"Chef updated
        0 resources out of 0 resources total.","host":"chef.handler.datadog.test-tags","device":null}'
    headers:
      Accept-Encoding:
      - gzip;q=1.0,deflate;q=0.6,identity;q=0.3
      Accept:
      - "*/*"
      User-Agent:
      - Ruby
      Content-Type:
      - application/json
  response:
    status:
      code: 202
      message: Accepted
    headers:
      Content-Type:
      - text/plain; charset=utf-8
      Date:
      - Fri, 15 Jul 2016 12:26:43 GMT
      Dd-Pool:
      - propjoe
      Strict-Transport-Security:
      - max-age=15724800;
      X-Content-Type-Options:
      - nosniff
      Content-Length:
      - '373'
      Connection:
      - keep-alive
    body:
      encoding: UTF-8
      string: '{"status":"ok","event":{"id":628649244912460327,"title":"Chef completed
        in 5 seconds on chef.handler.datadog.test-tags ","text":"Chef updated 0 resources
        out of 0 resources total.","date_happened":1468585607,"handle":null,"priority":"low","related_event_id":null,"tags":["env:hostile","role:highlander"],"url":"https://app.datadoghq.com/event/event?id=628649244912460327"}}'
    http_version: 
  recorded_at: Fri, 15 Jul 2016 12:26:47 GMT
- request:
    method: put
    uri: https://app.datadoghq.com/api/v1/tags/hosts/chef.handler.datadog.test-tags?api_key=<API_KEY>&application_key=<APPLICATION_KEY>&source=chef
    body:
      encoding: UTF-8
      string: '{"tags":["env:hostile","role:highlander"]}'
    headers:
      Accept-Encoding:
      - gzip;q=1.0,deflate;q=0.6,identity;q=0.3
      Accept:
      - "*/*"
      User-Agent:
      - Ruby
      Content-Type:
      - application/json
  response:
    status:
      code: 201
      message: Created
    headers:
      Cache-Control:
      - no-cache
      Content-Type:
      - application/json
      Date:
      - Fri, 15 Jul 2016 12:26:44 GMT
      Dd-Pool:
      - dogweb_sameorig
      Pragma:
      - no-cache
      Strict-Transport-Security:
      - max-age=15724800;
      X-Content-Type-Options:
      - nosniff
      X-Dd-Debug:
      - ODPlWrOS4MEcZXXD/7SPngU2RDdboMc4yDiHiqJBZz0=
      X-Frame-Options:
      - SAMEORIGIN
      Content-Length:
      - '86'
      Connection:
      - keep-alive
    body:
      encoding: UTF-8
      string: '{"host": "chef.handler.datadog.test-tags", "tags": ["env:hostile",
        "role:highlander"]}'
    http_version: 
  recorded_at: Fri, 15 Jul 2016 12:26:47 GMT
recorded_with: VCR 3.0.0
